// Jest Snapshot v1, https://goo.gl/fbAQLP

exports[`Metadata snapshots renders nothing without data 1`] = `
.c0 {
  display: -webkit-box;
  display: -webkit-flex;
  display: -ms-flexbox;
  display: flex;
  -webkit-flex-direction: column;
  -ms-flex-direction: column;
  flex-direction: column;
  -webkit-align-items: start;
  -webkit-box-align: start;
  -ms-flex-align: start;
  align-items: start;
  width: 100%;
}

.c1 {
  margin-top: 24px;
}

<div
  className="c0 c1 Metadata"
/>
`;

exports[`Metadata snapshots renders with data 1`] = `
.c0 {
  display: -webkit-box;
  display: -webkit-flex;
  display: -ms-flexbox;
  display: flex;
  -webkit-flex-direction: column;
  -ms-flex-direction: column;
  flex-direction: column;
  -webkit-align-items: start;
  -webkit-box-align: start;
  -ms-flex-align: start;
  align-items: start;
  width: 100%;
}

.c8 {
  display: -webkit-box;
  display: -webkit-flex;
  display: -ms-flexbox;
  display: flex;
  -webkit-flex-direction: row;
  -ms-flex-direction: row;
  flex-direction: row;
  -webkit-align-items: start;
  -webkit-box-align: start;
  -ms-flex-align: start;
  align-items: start;
  width: 100%;
  -webkit-box-pack: start;
  -webkit-justify-content: flex-start;
  -ms-flex-pack: start;
  justify-content: flex-start;
}

.c2 {
  font-family: 'proxima-nova',Helvetica,Arial,sans-serif;
  font-size: 20px;
  font-weight: 400;
  text-transform: none;
  font-style: normal;
  color: #737373;
}

.c4 {
  font-family: 'proxima-nova',Helvetica,Arial,sans-serif;
  font-size: 14px;
  font-weight: 600;
  text-transform: capitalize;
  font-style: normal;
  color: #737373;
}

.c6 {
  font-family: 'proxima-nova',Helvetica,Arial,sans-serif;
  font-size: 14px;
  font-weight: 400;
  text-transform: none;
  font-style: normal;
  color: #00b3ec;
}

.c10 {
  font-family: 'proxima-nova',Helvetica,Arial,sans-serif;
  font-size: 14px;
  font-weight: 400;
  text-transform: none;
  font-style: normal;
}

.c7 {
  padding: 12px;
}

.c5 {
  -webkit-text-decoration: none;
  text-decoration: none;
}

.c3 {
  border-spacing: 0;
}

.c3 tbody tr td:first-child {
  min-width: 200px;
}

.c3 td {
  padding: 4px 0;
  word-break: break-all;
  vertical-align: top;
  white-space: pre-wrap;
}

.c3 tr {
  height: 16px;
}

.c11 {
  padding: 8px 12px;
  margin-right: 4px;
  border-radius: 15px;
  white-space: nowrap;
  background-color: #d8d8d8;
}

.c9 {
  padding: 4px 0;
  overflow-x: scroll;
}

.c1 {
  margin-top: 24px;
}

<div
  className="c0 c1 Metadata"
>
  <span
    className="c2"
    color="neutral30"
    size="large"
  >
    Metadata
  </span>
  <table
    className="c3"
  >
    <tbody>
      <tr>
        <td>
          <span
            className="c4"
            color="neutral30"
            size="medium"
          >
            Created By
            :
          </span>
        </td>
        <td>
          Value 2
        </td>
      </tr>
      <tr>
        <td>
          <span
            className="c4"
            color="neutral30"
            size="medium"
          >
            CreatedBy
            :
          </span>
        </td>
        <td>
          Value 3
        </td>
      </tr>
      <tr>
        <td>
          <span
            className="c4"
            color="neutral30"
            size="medium"
          >
            CreatedBy
            :
          </span>
        </td>
        <td>
          Value 4
        </td>
      </tr>
      <tr>
        <td>
          <span
            className="c4"
            color="neutral30"
            size="medium"
          >
            Description
            :
          </span>
        </td>
        <td>
          Value 1
        </td>
      </tr>
      <tr>
        <td>
          <span
            className="c4"
            color="neutral30"
            size="medium"
          >
            Html
            :
          </span>
        </td>
        <td>
          &lt;p&gt;&lt;b&gt;html&lt;/b&gt;&lt;/p&gt;
        </td>
      </tr>
      <tr>
        <td>
          <span
            className="c4"
            color="neutral30"
            size="medium"
          >
            Link To Google
            :
          </span>
        </td>
        <td>
          <a
            className="c5"
            href="https://google.com"
            rel="noreferrer"
            target="_blank"
          >
            <span
              className="c6"
              color="primary"
              size="medium"
            >
              https://google.com
            </span>
          </a>
        </td>
      </tr>
      <tr>
        <td>
          <span
            className="c4"
            color="neutral30"
            size="medium"
          >
            Multi Lines
            :
          </span>
        </td>
        <td>
          This is first line
This is second line

        </td>
      </tr>
      <tr>
        <td>
          <span
            className="c4"
            color="neutral30"
            size="medium"
          >
            Version
            :
          </span>
        </td>
        <td>
          some version
        </td>
      </tr>
    </tbody>
  </table>
  <div
    className="c7"
  />
  <span
    className="c2"
    color="neutral30"
    size="large"
  >
    Labels
  </span>
  <div
    className="c8 c9"
  >
    <span
      className="c10 c11"
      size="medium"
    >
      label
      : 
      label
    </span>
    <span
      className="c10 c11"
      size="medium"
    >
      goose
      : 
      goose
    </span>
  </div>
  <div
    className="c7"
  />
</div>
`;
