// Jest Snapshot v1, https://goo.gl/fbAQLP

exports[`Page snapshots default 1`] = `
.c0 {
  display: -webkit-box;
  display: -webkit-flex;
  display: -ms-flexbox;
  display: flex;
  -webkit-flex-direction: column;
  -ms-flex-direction: column;
  flex-direction: column;
  -webkit-align-items: start;
  -webkit-box-align: start;
  -ms-flex-align: start;
  align-items: start;
  width: 100%;
  -webkit-box-pack: justify;
  -webkit-justify-content: space-between;
  -ms-flex-pack: justify;
  justify-content: space-between;
}

.c3 {
  display: -webkit-box;
  display: -webkit-flex;
  display: -ms-flexbox;
  display: flex;
  -webkit-flex-direction: column;
  -ms-flex-direction: column;
  flex-direction: column;
  -webkit-align-items: start;
  -webkit-box-align: start;
  -ms-flex-align: start;
  align-items: start;
  height: 100%;
  width: 100%;
  -webkit-box-pack: start;
  -webkit-justify-content: flex-start;
  -ms-flex-pack: start;
  justify-content: flex-start;
}

.c4 {
  display: -webkit-box;
  display: -webkit-flex;
  display: -ms-flexbox;
  display: flex;
  -webkit-flex-direction: row;
  -ms-flex-direction: row;
  flex-direction: row;
  -webkit-align-items: start;
  -webkit-box-align: start;
  -ms-flex-align: start;
  align-items: start;
  width: 100%;
  -webkit-box-pack: justify;
  -webkit-justify-content: space-between;
  -ms-flex-pack: justify;
  justify-content: space-between;
}

.c6 {
  display: -webkit-box;
  display: -webkit-flex;
  display: -ms-flexbox;
  display: flex;
  -webkit-flex-direction: row;
  -ms-flex-direction: row;
  flex-direction: row;
  -webkit-align-items: start;
  -webkit-box-align: start;
  -ms-flex-align: start;
  align-items: start;
}

.c7 {
  font-family: 'proxima-nova',Helvetica,Arial,sans-serif;
  font-size: 14px;
  font-weight: 400;
  text-transform: none;
  font-style: normal;
  white-space: nowrap;
}

.c10 {
  font-family: 'proxima-nova',Helvetica,Arial,sans-serif;
  font-size: 14px;
  font-weight: 400;
  text-transform: none;
  font-style: normal;
  color: #00b3ec;
}

.c8 {
  padding: 4px;
}

.c9 {
  -webkit-text-decoration: none;
  text-decoration: none;
}

.c11 {
  padding-right: 24px;
}

.c5 {
  color: #737373;
  padding-top: 12px;
}

.c1 {
  background-color: #fff;
  border-radius: 10px;
  box-sizing: border-box;
  margin: 0 auto;
  min-height: 100%;
  max-width: 100%;
  padding-bottom: 24px;
  padding-left: 24px;
  padding-right: 24px;
  padding-top: 24px;
  overflow: hidden;
}

.c2 .MuiAlert-root {
  width: 100%;
}

<div
  className="c0 c1 c2"
>
  <div
    className="c3"
  />
  <footer
    className="c4 c5 Footer"
    role="footer"
  >
    <div
      className="c6"
    >
      <span
        className="c7"
        size="medium"
      >
        Need help? Contact us at
      </span>
      <div
        className="c8"
      />
      <a
        className="c9"
        href="mailto:sales@weave.works"
        rel="noreferrer"
        target="_blank"
      >
        <span
          className="c10"
          color="primary"
          size="medium"
        >
          sales@weave.works
        </span>
      </a>
    </div>
    <div
      className="c6 c11"
    >
      <div
        className="c8"
      />
      <span
        className="c7"
        size="medium"
      >
        Â© 
        2023
         Weaveworks
      </span>
    </div>
  </footer>
</div>
`;
